multiplePathResolutions
| main.rs:85:19:85:30 | ...::from | file://:0:0:0:0 | fn from |
| main.rs:85:19:85:30 | ...::from | file://:0:0:0:0 | fn from |
| main.rs:85:19:85:30 | ...::from | file://:0:0:0:0 | fn from |
| main.rs:85:19:85:30 | ...::from | file://:0:0:0:0 | fn from |
| main.rs:85:19:85:30 | ...::from | file://:0:0:0:0 | fn from |
| main.rs:85:19:85:30 | ...::from | file://:0:0:0:0 | fn from |
| main.rs:102:19:102:30 | ...::from | file://:0:0:0:0 | fn from |
| main.rs:102:19:102:30 | ...::from | file://:0:0:0:0 | fn from |
| main.rs:102:19:102:30 | ...::from | file://:0:0:0:0 | fn from |
| main.rs:102:19:102:30 | ...::from | file://:0:0:0:0 | fn from |
| main.rs:102:19:102:30 | ...::from | file://:0:0:0:0 | fn from |
| main.rs:102:19:102:30 | ...::from | file://:0:0:0:0 | fn from |
